// Jest Snapshot v1, https://goo.gl/fbAQLP

exports[`SignalZone — the nothing-folded surface is the shipped surface safety lead + two benign rows, nothing folded 1`] = `
<View
  style={
    [
      {
        "backgroundColor": "#FFFFFF",
        "borderRadius": 16,
        "padding": 24,
      },
      {
        "elevation": 4,
        "shadowColor": "#000",
        "shadowOffset": {
          "height": 2,
          "width": 0,
        },
        "shadowOpacity": 0.1,
        "shadowRadius": 10,
      },
      false,
      undefined,
    ]
  }
>
  <Text
    accessibilityRole="header"
    style={
      {
        "color": "#737373",
        "fontFamily": "Geist-Medium",
        "fontSize": 11,
        "letterSpacing": 0.8,
        "marginBottom": 16,
        "textTransform": "uppercase",
      }
    }
  >
    Signal
  </Text>
  <View>
    <View>
      <View
        style={
          {
            "flexDirection": "row",
            "gap": 16,
            "minHeight": 44,
            "paddingVertical": 16,
          }
        }
        testID="insight-row"
      >
        <View
          style={
            [
              {
                "borderRadius": 2,
                "opacity": 0.85,
                "width": 3,
              },
              {
                "backgroundColor": "#F43F5E",
              },
            ]
          }
        />
        <View
          style={
            {
              "flex": 1,
            }
          }
        >
          <View
            accessibilityHint="Shows the evidence behind this insight"
            accessibilityLabel="We've logged vomiting for Nyx across 5 of the last 8 weeks — 14 episodes since July."
            accessibilityRole="button"
            accessibilityState={
              {
                "busy": undefined,
                "checked": undefined,
                "disabled": undefined,
                "expanded": false,
                "selected": undefined,
              }
            }
            accessibilityValue={
              {
                "max": undefined,
                "min": undefined,
                "now": undefined,
                "text": undefined,
              }
            }
            accessible={true}
            collapsable={false}
            focusable={true}
            hitSlop={
              {
                "bottom": 0,
                "left": 8,
                "right": 8,
                "top": 8,
              }
            }
            onBlur={[Function]}
            onClick={[Function]}
            onFocus={[Function]}
            onResponderGrant={[Function]}
            onResponderMove={[Function]}
            onResponderRelease={[Function]}
            onResponderTerminate={[Function]}
            onResponderTerminationRequest={[Function]}
            onStartShouldSetResponder={[Function]}
            testID="insight-face"
          >
            <View
              style={
                {
                  "gap": 8,
                }
              }
            >
              <Text
                style={
                  [
                    {
                      "color": "#0A0A0A",
                      "fontSize": 15,
                      "lineHeight": 22,
                    },
                    {
                      "fontFamily": "Newsreader",
                      "fontSize": 26,
                      "letterSpacing": -0.3,
                      "lineHeight": 34,
                    },
                  ]
                }
              >
                We've logged vomiting for Nyx across 5 of the last 8 weeks — 14 episodes since July.
              </Text>
              <View
                style={
                  {
                    "alignItems": "center",
                    "flexDirection": "row",
                    "flexWrap": "wrap",
                    "gap": 8,
                  }
                }
              >
                <Text
                  style={
                    {
                      "color": "#737373",
                      "fontFamily": "Geist",
                      "fontSize": 11,
                    }
                  }
                >
                  14 episodes across 5 of the last 8 weeks
                </Text>
              </View>
            </View>
          </View>
          <View
            style={
              {
                "alignItems": "center",
                "columnGap": 16,
                "flexDirection": "row",
                "flexWrap": "wrap",
                "marginTop": 8,
                "rowGap": 16,
              }
            }
          >
            <View
              accessibilityHint="Shows the evidence behind this insight"
              accessibilityLabel="Why we're showing this"
              accessibilityRole="button"
              accessibilityState={
                {
                  "busy": undefined,
                  "checked": undefined,
                  "disabled": undefined,
                  "expanded": false,
                  "selected": undefined,
                }
              }
              accessibilityValue={
                {
                  "max": undefined,
                  "min": undefined,
                  "now": undefined,
                  "text": undefined,
                }
              }
              accessible={true}
              collapsable={false}
              focusable={true}
              hitSlop={8}
              onBlur={[Function]}
              onClick={[Function]}
              onFocus={[Function]}
              onResponderGrant={[Function]}
              onResponderMove={[Function]}
              onResponderRelease={[Function]}
              onResponderTerminate={[Function]}
              onResponderTerminationRequest={[Function]}
              onStartShouldSetResponder={[Function]}
              style={
                {
                  "justifyContent": "center",
                  "minHeight": 28,
                }
              }
              testID="insight-evidence-control"
            >
              <Text
                style={
                  {
                    "color": "#0B7B6C",
                    "fontFamily": "Geist-Medium",
                    "fontSize": 11,
                  }
                }
              >
                Why we're showing this
              </Text>
            </View>
          </View>
        </View>
      </View>
    </View>
    <View>
      <View
        style={
          [
            {
              "backgroundColor": "#EAEAEA",
              "height": 1,
            },
            {
              "marginHorizontal": -8,
            },
          ]
        }
      />
      <View
        style={
          [
            {
              "flexDirection": "row",
              "gap": 16,
              "minHeight": 44,
              "paddingVertical": 16,
            },
            {
              "paddingVertical": 8,
            },
          ]
        }
        testID="insight-row"
      >
        <View
          style={
            [
              {
                "borderRadius": 2,
                "opacity": 0.85,
                "width": 3,
              },
              {
                "backgroundColor": "#00C2A8",
              },
            ]
          }
        />
        <View
          style={
            {
              "flex": 1,
            }
          }
        >
          <View
            accessibilityHint="Shows the evidence behind this insight"
            accessibilityLabel="8 of the 8 vomiting episodes we could time for Nyx happened within 30 minutes of eating.. 8 of 8 timed episodes fell within 30 minutes of eating."
            accessibilityRole="button"
            accessibilityState={
              {
                "busy": undefined,
                "checked": undefined,
                "disabled": undefined,
                "expanded": false,
                "selected": undefined,
              }
            }
            accessibilityValue={
              {
                "max": undefined,
                "min": undefined,
                "now": undefined,
                "text": undefined,
              }
            }
            accessible={true}
            collapsable={false}
            focusable={true}
            hitSlop={
              {
                "bottom": 0,
                "left": 8,
                "right": 8,
                "top": 8,
              }
            }
            onBlur={[Function]}
            onClick={[Function]}
            onFocus={[Function]}
            onResponderGrant={[Function]}
            onResponderMove={[Function]}
            onResponderRelease={[Function]}
            onResponderTerminate={[Function]}
            onResponderTerminationRequest={[Function]}
            onStartShouldSetResponder={[Function]}
            testID="insight-face"
          >
            <View
              style={
                {
                  "gap": 8,
                }
              }
            >
              <Text
                style={
                  {
                    "color": "#0A0A0A",
                    "fontFamily": "Geist",
                    "fontSize": 15,
                    "lineHeight": 22,
                  }
                }
              >
                8 of the 8 vomiting episodes we could time for Nyx happened within 30 minutes of eating.
              </Text>
              <View
                accessible={false}
              >
                <View
                  style={
                    {
                      "backgroundColor": "#FAFAFA",
                      "borderColor": "#EAEAEA",
                      "borderRadius": 4,
                      "borderWidth": 1,
                      "height": 22,
                      "position": "relative",
                    }
                  }
                >
                  <View
                    style={
                      [
                        {
                          "backgroundColor": "#E0FBF7",
                          "borderRadius": 4,
                          "bottom": 0,
                          "position": "absolute",
                          "top": 0,
                        },
                        {
                          "borderColor": "#00C2A8",
                          "borderRightWidth": 1,
                          "borderStyle": "dashed",
                        },
                        {
                          "left": "0%",
                          "width": "25%",
                        },
                      ]
                    }
                  />
                  <View
                    style={
                      [
                        {
                          "borderRadius": 999,
                          "height": 7,
                          "marginLeft": -3.5,
                          "marginTop": -3.5,
                          "position": "absolute",
                          "top": "50%",
                          "width": 7,
                        },
                        {
                          "backgroundColor": "#F43F5E",
                        },
                        {
                          "left": "1.5625%",
                        },
                      ]
                    }
                  />
                  <View
                    style={
                      [
                        {
                          "borderRadius": 999,
                          "height": 7,
                          "marginLeft": -3.5,
                          "marginTop": -3.5,
                          "position": "absolute",
                          "top": "50%",
                          "width": 7,
                        },
                        {
                          "backgroundColor": "#F43F5E",
                        },
                        {
                          "left": "4.6875%",
                        },
                      ]
                    }
                  />
                  <View
                    style={
                      [
                        {
                          "borderRadius": 999,
                          "height": 7,
                          "marginLeft": -3.5,
                          "marginTop": -3.5,
                          "position": "absolute",
                          "top": "50%",
                          "width": 7,
                        },
                        {
                          "backgroundColor": "#F43F5E",
                        },
                        {
                          "left": "7.8125%",
                        },
                      ]
                    }
                  />
                  <View
                    style={
                      [
                        {
                          "borderRadius": 999,
                          "height": 7,
                          "marginLeft": -3.5,
                          "marginTop": -3.5,
                          "position": "absolute",
                          "top": "50%",
                          "width": 7,
                        },
                        {
                          "backgroundColor": "#F43F5E",
                        },
                        {
                          "left": "10.9375%",
                        },
                      ]
                    }
                  />
                  <View
                    style={
                      [
                        {
                          "borderRadius": 999,
                          "height": 7,
                          "marginLeft": -3.5,
                          "marginTop": -3.5,
                          "position": "absolute",
                          "top": "50%",
                          "width": 7,
                        },
                        {
                          "backgroundColor": "#F43F5E",
                        },
                        {
                          "left": "14.0625%",
                        },
                      ]
                    }
                  />
                  <View
                    style={
                      [
                        {
                          "borderRadius": 999,
                          "height": 7,
                          "marginLeft": -3.5,
                          "marginTop": -3.5,
                          "position": "absolute",
                          "top": "50%",
                          "width": 7,
                        },
                        {
                          "backgroundColor": "#F43F5E",
                        },
                        {
                          "left": "17.1875%",
                        },
                      ]
                    }
                  />
                  <View
                    style={
                      [
                        {
                          "borderRadius": 999,
                          "height": 7,
                          "marginLeft": -3.5,
                          "marginTop": -3.5,
                          "position": "absolute",
                          "top": "50%",
                          "width": 7,
                        },
                        {
                          "backgroundColor": "#F43F5E",
                        },
                        {
                          "left": "20.3125%",
                        },
                      ]
                    }
                  />
                  <View
                    style={
                      [
                        {
                          "borderRadius": 999,
                          "height": 7,
                          "marginLeft": -3.5,
                          "marginTop": -3.5,
                          "position": "absolute",
                          "top": "50%",
                          "width": 7,
                        },
                        {
                          "backgroundColor": "#F43F5E",
                        },
                        {
                          "left": "23.4375%",
                        },
                      ]
                    }
                  />
                </View>
                <View
                  style={
                    {
                      "flexDirection": "row",
                      "justifyContent": "space-between",
                      "marginTop": 2,
                    }
                  }
                >
                  <Text
                    style={
                      {
                        "color": "#737373",
                        "fontFamily": "Geist",
                        "fontSize": 11,
                      }
                    }
                  >
                    ate
                  </Text>
                  <Text
                    style={
                      {
                        "color": "#737373",
                        "fontFamily": "Geist",
                        "fontSize": 11,
                      }
                    }
                  >
                    30m
                  </Text>
                  <Text
                    style={
                      {
                        "color": "#737373",
                        "fontFamily": "Geist",
                        "fontSize": 11,
                      }
                    }
                  >
                    2h+
                  </Text>
                </View>
              </View>
              <View
                style={
                  {
                    "alignItems": "center",
                    "flexDirection": "row",
                    "flexWrap": "wrap",
                    "gap": 8,
                  }
                }
              >
                <Text
                  style={
                    {
                      "color": "#737373",
                      "fontFamily": "Geist",
                      "fontSize": 11,
                    }
                  }
                >
                  8 of 8 timed episodes within 30 min of eating
                </Text>
              </View>
            </View>
          </View>
          <View
            style={
              {
                "alignItems": "center",
                "columnGap": 16,
                "flexDirection": "row",
                "flexWrap": "wrap",
                "marginTop": 8,
                "rowGap": 16,
              }
            }
          >
            <View
              accessibilityHint="Shows the evidence behind this insight"
              accessibilityLabel="Why we're showing this"
              accessibilityRole="button"
              accessibilityState={
                {
                  "busy": undefined,
                  "checked": undefined,
                  "disabled": undefined,
                  "expanded": false,
                  "selected": undefined,
                }
              }
              accessibilityValue={
                {
                  "max": undefined,
                  "min": undefined,
                  "now": undefined,
                  "text": undefined,
                }
              }
              accessible={true}
              collapsable={false}
              focusable={true}
              hitSlop={8}
              onBlur={[Function]}
              onClick={[Function]}
              onFocus={[Function]}
              onResponderGrant={[Function]}
              onResponderMove={[Function]}
              onResponderRelease={[Function]}
              onResponderTerminate={[Function]}
              onResponderTerminationRequest={[Function]}
              onStartShouldSetResponder={[Function]}
              style={
                {
                  "justifyContent": "center",
                  "minHeight": 28,
                }
              }
              testID="insight-evidence-control"
            >
              <Text
                style={
                  {
                    "color": "#0B7B6C",
                    "fontFamily": "Geist-Medium",
                    "fontSize": 11,
                  }
                }
              >
                Why we're showing this
              </Text>
            </View>
            <View
              accessibilityHint="Folds this insight to one line. It reopens on its own when the picture changes."
              accessibilityLabel="Keep it compact"
              accessibilityRole="button"
              accessibilityState={
                {
                  "busy": undefined,
                  "checked": undefined,
                  "disabled": undefined,
                  "expanded": undefined,
                  "selected": undefined,
                }
              }
              accessibilityValue={
                {
                  "max": undefined,
                  "min": undefined,
                  "now": undefined,
                  "text": undefined,
                }
              }
              accessible={true}
              collapsable={false}
              focusable={true}
              hitSlop={8}
              onBlur={[Function]}
              onClick={[Function]}
              onFocus={[Function]}
              onResponderGrant={[Function]}
              onResponderMove={[Function]}
              onResponderRelease={[Function]}
              onResponderTerminate={[Function]}
              onResponderTerminationRequest={[Function]}
              onStartShouldSetResponder={[Function]}
              style={
                {
                  "justifyContent": "center",
                  "minHeight": 28,
                }
              }
              testID="insight-fold-control"
            >
              <Text
                style={
                  {
                    "color": "#525252",
                    "fontFamily": "Geist-Medium",
                    "fontSize": 11,
                  }
                }
              >
                Keep it compact
              </Text>
            </View>
          </View>
        </View>
      </View>
    </View>
    <View>
      <View
        style={
          [
            {
              "backgroundColor": "#EAEAEA",
              "height": 1,
            },
            {
              "marginHorizontal": -8,
            },
          ]
        }
      />
      <View
        style={
          [
            {
              "flexDirection": "row",
              "gap": 16,
              "minHeight": 44,
              "paddingVertical": 16,
            },
            {
              "paddingVertical": 8,
            },
          ]
        }
        testID="insight-row"
      >
        <View
          style={
            [
              {
                "borderRadius": 2,
                "opacity": 0.85,
                "width": 3,
              },
              {
                "backgroundColor": "#00C2A8",
              },
            ]
          }
        />
        <View
          style={
            {
              "flex": 1,
            }
          }
        >
          <View
            accessibilityHint="Shows the evidence behind this insight"
            accessibilityLabel="Nyx had 2 vomiting episodes this week, down from 5 last week."
            accessibilityRole="button"
            accessibilityState={
              {
                "busy": undefined,
                "checked": undefined,
                "disabled": undefined,
                "expanded": false,
                "selected": undefined,
              }
            }
            accessibilityValue={
              {
                "max": undefined,
                "min": undefined,
                "now": undefined,
                "text": undefined,
              }
            }
            accessible={true}
            collapsable={false}
            focusable={true}
            hitSlop={
              {
                "bottom": 0,
                "left": 8,
                "right": 8,
                "top": 8,
              }
            }
            onBlur={[Function]}
            onClick={[Function]}
            onFocus={[Function]}
            onResponderGrant={[Function]}
            onResponderMove={[Function]}
            onResponderRelease={[Function]}
            onResponderTerminate={[Function]}
            onResponderTerminationRequest={[Function]}
            onStartShouldSetResponder={[Function]}
            testID="insight-face"
          >
            <View
              style={
                {
                  "gap": 8,
                }
              }
            >
              <Text
                style={
                  {
                    "color": "#0A0A0A",
                    "fontFamily": "Geist",
                    "fontSize": 15,
                    "lineHeight": 22,
                  }
                }
              >
                Nyx had 2 vomiting episodes this week, down from 5 last week.
              </Text>
              <View
                style={
                  {
                    "alignItems": "center",
                    "flexDirection": "row",
                    "flexWrap": "wrap",
                    "gap": 8,
                  }
                }
              >
                <Text
                  style={
                    {
                      "color": "#737373",
                      "fontFamily": "Geist",
                      "fontSize": 11,
                    }
                  }
                >
                  2 episodes this week, 5 last week
                </Text>
              </View>
            </View>
          </View>
          <View
            style={
              {
                "alignItems": "center",
                "columnGap": 16,
                "flexDirection": "row",
                "flexWrap": "wrap",
                "marginTop": 8,
                "rowGap": 16,
              }
            }
          >
            <View
              accessibilityHint="Shows the evidence behind this insight"
              accessibilityLabel="Why we're showing this"
              accessibilityRole="button"
              accessibilityState={
                {
                  "busy": undefined,
                  "checked": undefined,
                  "disabled": undefined,
                  "expanded": false,
                  "selected": undefined,
                }
              }
              accessibilityValue={
                {
                  "max": undefined,
                  "min": undefined,
                  "now": undefined,
                  "text": undefined,
                }
              }
              accessible={true}
              collapsable={false}
              focusable={true}
              hitSlop={8}
              onBlur={[Function]}
              onClick={[Function]}
              onFocus={[Function]}
              onResponderGrant={[Function]}
              onResponderMove={[Function]}
              onResponderRelease={[Function]}
              onResponderTerminate={[Function]}
              onResponderTerminationRequest={[Function]}
              onStartShouldSetResponder={[Function]}
              style={
                {
                  "justifyContent": "center",
                  "minHeight": 28,
                }
              }
              testID="insight-evidence-control"
            >
              <Text
                style={
                  {
                    "color": "#0B7B6C",
                    "fontFamily": "Geist-Medium",
                    "fontSize": 11,
                  }
                }
              >
                Why we're showing this
              </Text>
            </View>
            <View
              accessibilityHint="Folds this insight to one line. It reopens on its own when the picture changes."
              accessibilityLabel="Keep it compact"
              accessibilityRole="button"
              accessibilityState={
                {
                  "busy": undefined,
                  "checked": undefined,
                  "disabled": undefined,
                  "expanded": undefined,
                  "selected": undefined,
                }
              }
              accessibilityValue={
                {
                  "max": undefined,
                  "min": undefined,
                  "now": undefined,
                  "text": undefined,
                }
              }
              accessible={true}
              collapsable={false}
              focusable={true}
              hitSlop={8}
              onBlur={[Function]}
              onClick={[Function]}
              onFocus={[Function]}
              onResponderGrant={[Function]}
              onResponderMove={[Function]}
              onResponderRelease={[Function]}
              onResponderTerminate={[Function]}
              onResponderTerminationRequest={[Function]}
              onStartShouldSetResponder={[Function]}
              style={
                {
                  "justifyContent": "center",
                  "minHeight": 28,
                }
              }
              testID="insight-fold-control"
            >
              <Text
                style={
                  {
                    "color": "#525252",
                    "fontFamily": "Geist-Medium",
                    "fontSize": 11,
                  }
                }
              >
                Keep it compact
              </Text>
            </View>
          </View>
        </View>
      </View>
    </View>
  </View>
  <View
    accessibilityLabel="See all of Nyx's patterns"
    accessibilityRole="button"
    accessibilityState={
      {
        "busy": undefined,
        "checked": undefined,
        "disabled": undefined,
        "expanded": undefined,
        "selected": undefined,
      }
    }
    accessibilityValue={
      {
        "max": undefined,
        "min": undefined,
        "now": undefined,
        "text": undefined,
      }
    }
    accessible={true}
    collapsable={false}
    focusable={true}
    hitSlop={8}
    onBlur={[Function]}
    onClick={[Function]}
    onFocus={[Function]}
    onResponderGrant={[Function]}
    onResponderMove={[Function]}
    onResponderRelease={[Function]}
    onResponderTerminate={[Function]}
    onResponderTerminationRequest={[Function]}
    onStartShouldSetResponder={[Function]}
    style={
      {
        "borderTopColor": "#EAEAEA",
        "borderTopWidth": 1,
        "marginTop": 8,
        "paddingTop": 16,
      }
    }
  >
    <Text
      style={
        {
          "color": "#737373",
          "fontFamily": "Geist-Medium",
          "fontSize": 13,
        }
      }
    >
      See all of 
      Nyx
      's patterns →
    </Text>
  </View>
</View>
`;
